Last login: Wed Sep 15 19:06:35 on ttys000
(base) zrowgz@Eamons-MacBook-Pro uw-challenge-5 % cd ..
(base) zrowgz@Eamons-MacBook-Pro w5 % cd ..
(base) zrowgz@Eamons-MacBook-Pro fintech-workspace % cd w6
(base) zrowgz@Eamons-MacBook-Pro w6 % ls
6-1-4-grouping		6-1-6-medicalPayments	6-2-5-foreclosures	6-3-3-customVisuals	6-3-5-compositePlots
(base) zrowgz@Eamons-MacBook-Pro w6 % mkdir uw-challenge-6
(base) zrowgz@Eamons-MacBook-Pro w6 % cd uw-challenge-6 
(base) zrowgz@Eamons-MacBook-Pro uw-challenge-6 % git init
hint: Using 'master' as the name for the initial branch. This default branch name
hint: is subject to change. To configure the initial branch name to use in all
hint: of your new repositories, which will suppress this warning, call:
hint: 
hint: 	git config --global init.defaultBranch <name>
hint: 
hint: Names commonly chosen instead of 'master' are 'main', 'trunk' and
hint: 'development'. The just-created branch can be renamed via this command:
hint: 
hint: 	git branch -m <name>
Initialized empty Git repository in /Users/zrowgz/Desktop/fintech-workspace/w6/uw-challenge-6/.git/
(base) zrowgz@Eamons-MacBook-Pro uw-challenge-6 % echo "# uw-challenge-6" >> README.md
(base) zrowgz@Eamons-MacBook-Pro uw-challenge-6 % git commit -m "first commit"
On branch master

Initial commit

Untracked files:
  (use "git add <file>..." to include in what will be committed)
	.ipynb_checkpoints/
	Images/
	README.md
	Resources/
	san_francisco_housing.ipynb

nothing added to commit but untracked files present (use "git add" to track)
(base) zrowgz@Eamons-MacBook-Pro uw-challenge-6 % git add .
(base) zrowgz@Eamons-MacBook-Pro uw-challenge-6 % git commit -m "first commit"
[master (root-commit) 24b8787] first commit
 10 files changed, 1928 insertions(+)
 create mode 100644 .ipynb_checkpoints/san_francisco_housing-checkpoint.ipynb
 create mode 100644 Images/6-4-geoviews-plot.png
 create mode 100644 Images/avg-sale-px-sq-foot-gross-rent.png
 create mode 100644 Images/pricing-info-by-neighborhood.png
 create mode 100644 Images/zoomed-housing-units-by-year.png
 create mode 100644 README.md
 create mode 100644 Resources/housing_per_year.csv
 create mode 100644 Resources/neighborhoods_coordinates.csv
 create mode 100644 Resources/sfo_neighborhoods_census_data.csv
 create mode 100644 san_francisco_housing.ipynb
(base) zrowgz@Eamons-MacBook-Pro uw-challenge-6 % git branch -M main
(base) zrowgz@Eamons-MacBook-Pro uw-challenge-6 % git remote add origin git@github.com:ZrowGz/uw-challenge-6.git
(base) zrowgz@Eamons-MacBook-Pro uw-challenge-6 % git push -u origin main
Enter passphrase for key '/Users/zrowgz/.ssh/id_rsa': 
Enumerating objects: 14, done.
Counting objects: 100% (14/14), done.
Delta compression using up to 8 threads
Compressing objects: 100% (13/13), done.
Writing objects: 100% (14/14), 665.93 KiB | 6.17 MiB/s, done.
Total 14 (delta 0), reused 0 (delta 0), pack-reused 0
To github.com:ZrowGz/uw-challenge-6.git
 * [new branch]      main -> main
Branch 'main' set up to track remote branch 'main' from 'origin'.
(base) zrowgz@Eamons-MacBook-Pro uw-challenge-6 % history 1079 > cli-git-commands.txt
fc: no such event: 1079
(base) zrowgz@Eamons-MacBook-Pro uw-challenge-6 % history > cli-git-commands.txt
(base) zrowgz@Eamons-MacBook-Pro uw-challenge-6 % 
