Last login: Wed Sep 15 19:06:35 on ttys000
(base) zrowgz@Eamons-MacBook-Pro uw-challenge-5 % cd ..
(base) zrowgz@Eamons-MacBook-Pro w5 % cd ..
(base) zrowgz@Eamons-MacBook-Pro fintech-workspace % cd w6
(base) zrowgz@Eamons-MacBook-Pro w6 % ls
6-1-4-grouping		6-1-6-medicalPayments	6-2-5-foreclosures	6-3-3-customVisuals	6-3-5-compositePlots
(base) zrowgz@Eamons-MacBook-Pro w6 % mkdir uw-challenge-6
(base) zrowgz@Eamons-MacBook-Pro w6 % cd uw-challenge-6 
(base) zrowgz@Eamons-MacBook-Pro uw-challenge-6 % git init
hint: Using 'master' as the name for the initial branch. This default branch name
hint: is subject to change. To configure the initial branch name to use in all
hint: of your new repositories, which will suppress this warning, call:
hint: 
hint: 	git config --global init.defaultBranch <name>
hint: 
hint: Names commonly chosen instead of 'master' are 'main', 'trunk' and
hint: 'development'. The just-created branch can be renamed via this command:
hint: 
hint: 	git branch -m <name>
Initialized empty Git repository in /Users/zrowgz/Desktop/fintech-workspace/w6/uw-challenge-6/.git/
(base) zrowgz@Eamons-MacBook-Pro uw-challenge-6 % echo "# uw-challenge-6" >> README.md
(base) zrowgz@Eamons-MacBook-Pro uw-challenge-6 % git commit -m "first commit"
On branch master

Initial commit

Untracked files:
  (use "git add <file>..." to include in what will be committed)
	.ipynb_checkpoints/
	Images/
	README.md
	Resources/
	san_francisco_housing.ipynb

nothing added to commit but untracked files present (use "git add" to track)
(base) zrowgz@Eamons-MacBook-Pro uw-challenge-6 % git add .
(base) zrowgz@Eamons-MacBook-Pro uw-challenge-6 % git commit -m "first commit"
[master (root-commit) 24b8787] first commit
 10 files changed, 1928 insertions(+)
 create mode 100644 .ipynb_checkpoints/san_francisco_housing-checkpoint.ipynb
 create mode 100644 Images/6-4-geoviews-plot.png
 create mode 100644 Images/avg-sale-px-sq-foot-gross-rent.png
 create mode 100644 Images/pricing-info-by-neighborhood.png
 create mode 100644 Images/zoomed-housing-units-by-year.png
 create mode 100644 README.md
 create mode 100644 Resources/housing_per_year.csv
 create mode 100644 Resources/neighborhoods_coordinates.csv
 create mode 100644 Resources/sfo_neighborhoods_census_data.csv
 create mode 100644 san_francisco_housing.ipynb
(base) zrowgz@Eamons-MacBook-Pro uw-challenge-6 % git branch -M main
(base) zrowgz@Eamons-MacBook-Pro uw-challenge-6 % git remote add origin git@github.com:ZrowGz/uw-challenge-6.git
(base) zrowgz@Eamons-MacBook-Pro uw-challenge-6 % git push -u origin main
Enter passphrase for key '/Users/zrowgz/.ssh/id_rsa': 
Enumerating objects: 14, done.
Counting objects: 100% (14/14), done.
Delta compression using up to 8 threads
Compressing objects: 100% (13/13), done.
Writing objects: 100% (14/14), 665.93 KiB | 6.17 MiB/s, done.
Total 14 (delta 0), reused 0 (delta 0), pack-reused 0
To github.com:ZrowGz/uw-challenge-6.git
 * [new branch]      main -> main
Branch 'main' set up to track remote branch 'main' from 'origin'.
(base) zrowgz@Eamons-MacBook-Pro uw-challenge-6 % history 1079 > cli-git-commands.txt
fc: no such event: 1079
(base) zrowgz@Eamons-MacBook-Pro uw-challenge-6 % history > cli-git-commands.txt

9/28/21 - Submission of completed changes:
(base) zrowgz@Eamons-MacBook-Pro uw-challenge-6 % git status
On branch main
Your branch is up to date with 'origin/main'.

Changes not staged for commit:
  (use "git add <file>..." to update what will be committed)
  (use "git restore <file>..." to discard changes in working directory)
	modified:   .ipynb_checkpoints/san_francisco_housing-checkpoint.ipynb
	modified:   san_francisco_housing.ipynb

Untracked files:
  (use "git add <file>..." to include in what will be committed)
	Images/rent-v-sales-alamo.png
	Images/rent-v-sales-anza.png
	Images/rent-v-sales-clarendon.png
	Images/rent-v-sales-corona.png
	Images/rent-v-sales-fin-north.png
	Images/rent-v-sales-overall.png
	Images/sfo-dot.png
	rent-v-sales-alamo.png

no changes added to commit (use "git add" and/or "git commit -a")
(base) zrowgz@Eamons-MacBook-Pro uw-challenge-6 % git add .
(base) zrowgz@Eamons-MacBook-Pro uw-challenge-6 % git commit -m "Code complete. Analysis formulated, including addition of visualaizations."
[main 796f4fc] Code complete. Analysis formulated, including addition of visualaizations.
 10 files changed, 3590 insertions(+), 136 deletions(-)
 create mode 100644 Images/rent-v-sales-alamo.png
 create mode 100644 Images/rent-v-sales-anza.png
 create mode 100644 Images/rent-v-sales-clarendon.png
 create mode 100644 Images/rent-v-sales-corona.png
 create mode 100644 Images/rent-v-sales-fin-north.png
 create mode 100644 Images/rent-v-sales-overall.png
 create mode 100644 Images/sfo-dot.png
 create mode 100644 rent-v-sales-alamo.png
(base) zrowgz@Eamons-MacBook-Pro uw-challenge-6 % git push
Enter passphrase for key '/Users/zrowgz/.ssh/id_rsa': 
Enumerating objects: 17, done.
Counting objects: 100% (17/17), done.
Delta compression using up to 8 threads
Compressing objects: 100% (13/13), done.
Writing objects: 100% (13/13), 1016.16 KiB | 8.19 MiB/s, done.
Total 13 (delta 1), reused 0 (delta 0), pack-reused 0
remote: Resolving deltas: 100% (1/1), completed with 1 local object.
To github.com:ZrowGz/uw-challenge-6.git
   f16daf3..796f4fc  main -> main
(base) zrowgz@Eamons-MacBook-Pro uw-challenge-6 % git add .
(base) zrowgz@Eamons-MacBook-Pro uw-challenge-6 % git commit -m "Update README"
[main dee8555] Update README
 1 file changed, 32 insertions(+), 1 deletion(-)
 rewrite README.md (100%)
(base) zrowgz@Eamons-MacBook-Pro uw-challenge-6 % git push
Enter passphrase for key '/Users/zrowgz/.ssh/id_rsa': 
Enumerating objects: 5, done.
Counting objects: 100% (5/5), done.
Delta compression using up to 8 threads
Compressing objects: 100% (3/3), done.
Writing objects: 100% (3/3), 822 bytes | 822.00 KiB/s, done.
Total 3 (delta 1), reused 0 (delta 0), pack-reused 0
remote: Resolving deltas: 100% (1/1), completed with 1 local object.
To github.com:ZrowGz/uw-challenge-6.git
   796f4fc..dee8555  main -> main
(base) zrowgz@Eamons-MacBook-Pro uw-challenge-6 % 

